
Kubernetes Clusters:
+------------------+---------+------------------+-----------------------------------+
|       NAME       | VERSION | WRITE NAMESPACE  |            SECRET REF             |
+------------------+---------+------------------+-----------------------------------+
| management-plane | 1.16.1  | service-mesh-hub | management-plane.service-mesh-hub |
+------------------+---------+------------------+-----------------------------------+
| remote-cluster   | 1.15.1  | service-mesh-hub | remote-cluster.service-mesh-hub   |
+------------------+---------+------------------+-----------------------------------+
