
Istio:
+--------------+-----------+--------------+---------+---------------------------------+
|     NAME     |  CLUSTER  |  NAMESPACE   | VERSION |           CITADELINFO           |
+--------------+-----------+--------------+---------+---------------------------------+
| istio-mesh-1 | cluster-1 | istio-system | 1.5.1   | Trust Domain: cluster.local     |
|              |           |              |         | Citadel Namespace: istio-system |
|              |           |              |         | Citadel Service Account: istiod |
+--------------+-----------+--------------+---------+---------------------------------+

Linkerd:
+----------------+-----------+-----------+---------+
|      NAME      |  CLUSTER  | NAMESPACE | VERSION |
+----------------+-----------+-----------+---------+
| linkerd-mesh-1 | cluster-1 | linkerd   | 2.7.1   |
+----------------+-----------+-----------+---------+
