
Istio:
+--------------+-----------+--------------+---------+---------------------------------+
|     NAME     |  CLUSTER  |  NAMESPACE   | VERSION |           CITADELINFO           |
+--------------+-----------+--------------+---------+---------------------------------+
| istio-mesh-1 | cluster-1 | istio-system | 1.5.1   | Trust Domain: cluster.local     |
|              |           |              |         | Citadel Namespace: istio-system |
|              |           |              |         | Citadel Service Account: istiod |
+--------------+-----------+--------------+---------+---------------------------------+

Linkerd:
+----------------+-----------+-----------+---------+
|      NAME      |  CLUSTER  | NAMESPACE | VERSION |
+----------------+-----------+-----------+---------+
| linkerd-mesh-1 | cluster-1 | linkerd   | 2.7.1   |
+----------------+-----------+-----------+---------+

Aws AppMesh:
+----------------+--------------------+---------------+----------------+-----------+
|      NAME      |      CLUSTERS      | APP MESH NAME | AWS ACCOUNT ID |  REGION   |
+----------------+--------------------+---------------+----------------+-----------+
| appmesh-mesh-1 | cluster-1          | mesh-name     | 1234567        | us-east-2 |
|                | cluster-2          |               |                |           |
+----------------+--------------------+---------------+----------------+-----------+
